// Jest Snapshot v1, https://goo.gl/fbAQLP

exports[`expect to render FormInput component 1`] = `ShallowWrapper {}`;
