// Jest Snapshot v1, https://goo.gl/fbAQLP

exports[`expect to render MenuItem component 1`] = `ShallowWrapper {}`;
